<?xml version="1.0" encoding="UTF-8"?>
<testsuites name="jest tests" tests="1" failures="1" errors="0" time="3.272">
  <testsuite name="undefined" errors="0" failures="1" skipped="0" timestamp="2023-10-01T11:42:34" time="3.158" tests="1">
    <testcase classname=" should return true" name=" should return true" time="1.336">
      <failure>Error: expect(received).toEqual(expected) // deep equality

- Expected  - 0
+ Received  + 4

@@ -1,8 +1,12 @@
  Object {
    &quot;IModule&quot;: Object {
      &quot;members&quot;: Object {
+       &quot;abc&quot;: Object {
+         &quot;kind&quot;: &quot;property&quot;,
+         &quot;type&quot;: &quot;string&quot;,
+       },
        &quot;members&quot;: Object {
          &quot;create&quot;: Object {
            &quot;isPromise&quot;: true,
            &quot;kind&quot;: &quot;method&quot;,
            &quot;parameters&quot;: Object {
    at Object.&lt;anonymous&gt; (/Users/livshitz/Projects/Livshitz/ts-reflector/tests/Main.spec.ts:6:29)
    at Promise.then.completed (/Users/livshitz/Projects/Livshitz/ts-reflector/node_modules/jest-circus/build/utils.js:298:28)
    at new Promise (&lt;anonymous&gt;)
    at callAsyncCircusFn (/Users/livshitz/Projects/Livshitz/ts-reflector/node_modules/jest-circus/build/utils.js:231:10)
    at _callCircusTest (/Users/livshitz/Projects/Livshitz/ts-reflector/node_modules/jest-circus/build/run.js:316:40)
    at processTicksAndRejections (node:internal/process/task_queues:95:5)
    at _runTest (/Users/livshitz/Projects/Livshitz/ts-reflector/node_modules/jest-circus/build/run.js:252:3)
    at _runTestsForDescribeBlock (/Users/livshitz/Projects/Livshitz/ts-reflector/node_modules/jest-circus/build/run.js:126:9)
    at run (/Users/livshitz/Projects/Livshitz/ts-reflector/node_modules/jest-circus/build/run.js:71:3)
    at runAndTransformResultsToJestFormat (/Users/livshitz/Projects/Livshitz/ts-reflector/node_modules/jest-circus/build/legacy-code-todo-rewrite/jestAdapterInit.js:122:21)
    at jestAdapter (/Users/livshitz/Projects/Livshitz/ts-reflector/node_modules/jest-circus/build/legacy-code-todo-rewrite/jestAdapter.js:79:19)
    at runTestInternal (/Users/livshitz/Projects/Livshitz/ts-reflector/node_modules/jest-runner/build/runTest.js:367:16)
    at runTest (/Users/livshitz/Projects/Livshitz/ts-reflector/node_modules/jest-runner/build/runTest.js:444:34)</failure>
    </testcase>
  </testsuite>
</testsuites>